Right
  CompiledQuery
    { unCompiledQuery =
        [ From
            ()
            ( "l"
            , ModelDefinition
                { tableName = Identifier { fromIdentifier = "language" }
                , defaultSingularName = "language"
                , columns =
                    fromList
                      [ ( Identifier { fromIdentifier = "language_id" } , IntType )
                      , ( Identifier { fromIdentifier = "last_update" } , TimestampType )
                      , ( Identifier { fromIdentifier = "name" } , StringType )
                      ]
                , relatedTables =
                    fromList
                      [ ( Identifier { fromIdentifier = "film" }
                        , ( Identifier { fromIdentifier = "language_id" }
                          , Identifier { fromIdentifier = "language_id" }
                          )
                        )
                      ]
                , implicitWhere = Nothing
                }
            )
        , Join
            ()
            ( "film"
            , ModelDefinition
                { tableName = Identifier { fromIdentifier = "film" }
                , defaultSingularName = "film"
                , columns =
                    fromList
                      [ ( Identifier { fromIdentifier = "description" } , StringType )
                      , ( Identifier { fromIdentifier = "film_id" } , IntType )
                      , ( Identifier { fromIdentifier = "language_id" } , IntType )
                      , ( Identifier { fromIdentifier = "title" } , StringType )
                      ]
                , relatedTables =
                    fromList
                      [ ( Identifier { fromIdentifier = "language" }
                        , ( Identifier { fromIdentifier = "language_id" }
                          , Identifier { fromIdentifier = "language_id" }
                          )
                        )
                      ]
                , implicitWhere = Nothing
                }
            )
            (Apply
               BooleanType
               ( "==" , [ IntType , IntType ] )
               [ ExprExt
                   (ComputedColumn
                      IntType
                      ColumnDefinition
                        { column = QualifiedIdentifier (Just "l") "language_id" })
               , ExprExt
                   (ComputedColumn
                      IntType
                      ColumnDefinition
                        { column = QualifiedIdentifier (Just "film") "language_id" })
               ])
        ]
    }