Right
  RawQuery
    { unRawQuery =
        [ StmtExt (ExtStmtEmptyLine Range { begin = 0 , end = 0 })
        , StmtExt (ExtStmtEmptyLine Range { begin = 1 , end = 1 })
        , StmtExt (ExtStmtEmptyLine Range { begin = 2 , end = 2 })
        , From
            Range { begin = 3 , end = 17 }
            ( Nothing , Ref Range { begin = 8 , end = 17 } "Languages" )
        , Let
            Range { begin = 18 , end = 27 }
            "a"
            (Lit Range { begin = 26 , end = 27 } (LiteralInt 7))
        , StmtExt (ExtStmtEmptyLine Range { begin = 28 , end = 28 })
        ]
    }