PartialQuery
  { fromTable =
      Just
        (LiteralTable
           FromTable
             { getTableName = Identifier { fromIdentifier = "language" }
             , getTableAlias = Identifier { fromIdentifier = "language" }
             , getTableColumns =
                 [ Identifier { fromIdentifier = "language_id" }
                 , Identifier { fromIdentifier = "last_update" }
                 , Identifier { fromIdentifier = "name" }
                 ]
             })
  , selectedColumns =
      [ SelectFromTable Identifier { fromIdentifier = "t" }
      , SelectNewColumn
          (LiteralInt 7) Identifier { fromIdentifier = "a" }
      ]
  , wheres = []
  , joins = []
  , groupBy = Nothing
  , orderBy = []
  }