Right
  RawQuery
    { unRawQuery =
        [ Let
            Range { begin = 0 , end = 9 }
            "a"
            (Lit Range { begin = 8 , end = 9 } (LiteralInt 7))
        , Return
            Range { begin = 10 , end = 18 }
            [ Ref Range { begin = 17 , end = 18 } "a" ]
        ]
    }