Right
  RawQuery
    { unRawQuery =
        [ From
            Range { begin = 0 , end = 14 }
            ( Nothing , Ref Range { begin = 5 , end = 14 } "Countries" )
        , Join
            Range { begin = 15 , end = 26 }
            ( Nothing , Ref Range { begin = 20 , end = 26 } "Cities" )
            Nothing
        ]
    }