Right
  CompiledQuery
    { unCompiledQuery =
        [ From
            ()
            ( "country"
            , ModelDefinition
                { tableName = Identifier { fromIdentifier = "country" }
                , defaultSingularName = Identifier { fromIdentifier = "country" }
                , columns =
                    fromList
                      [ ( Identifier { fromIdentifier = "country" } , StringType )
                      , ( Identifier { fromIdentifier = "country_id" } , IntType )
                      , ( Identifier { fromIdentifier = "last_update" } , TimestampType )
                      ]
                , relatedTables =
                    fromList
                      [ ( Identifier { fromIdentifier = "city" }
                        , ( Identifier { fromIdentifier = "country_id" }
                          , Identifier { fromIdentifier = "country_id" }
                          )
                        )
                      ]
                , implicitWhere = Nothing
                }
            )
        , Join
            ()
            ( "city"
            , ModelDefinition
                { tableName = Identifier { fromIdentifier = "city" }
                , defaultSingularName = Identifier { fromIdentifier = "city" }
                , columns =
                    fromList
                      [ ( Identifier { fromIdentifier = "city" } , StringType )
                      , ( Identifier { fromIdentifier = "city_id" } , IntType )
                      , ( Identifier { fromIdentifier = "country_id" } , IntType )
                      , ( Identifier { fromIdentifier = "last_update" } , TimestampType )
                      ]
                , relatedTables =
                    fromList
                      [ ( Identifier { fromIdentifier = "country" }
                        , ( Identifier { fromIdentifier = "country_id" }
                          , Identifier { fromIdentifier = "country_id" }
                          )
                        )
                      ]
                , implicitWhere = Nothing
                }
            )
            (Apply
               BooleanType
               ( "==" , [ IntType , IntType ] )
               [ ExprExt
                   (ComputedColumn
                      IntType
                      ColumnDefinition
                        { column = QualifiedIdentifier (Just "country") "country_id" })
               , ExprExt
                   (ComputedColumn
                      IntType
                      ColumnDefinition
                        { column = QualifiedIdentifier (Just "city") "country_id" })
               ])
        ]
    }