Right
  RawQuery
    { unRawQuery =
        [ Let ( 0 , 12 ) "kept" (Lit ( 11 , 12 ) (LiteralInt 7))
        , Let ( 13 , 25 ) "lost" (Lit ( 24 , 25 ) (LiteralInt 2))
        , GroupBy
            ( 26 , 32 )
            [ ( Ref ( 35 , 40 ) "kept" , Nothing ) ]
            [ Let ( 44 , 58 ) "new" (Ref ( 54 , 58 ) "kept") ]
        , OrderBy ( 61 , 67 ) [ ( Ref ( 70 , 73 ) "new" , Nothing ) ]
        , OrderBy ( 74 , 80 ) [ ( Ref ( 83 , 87 ) "kept" , Nothing ) ]
        ]
    }