Right
  RawQuery
    { unRawQuery =
        [ Let
            Range { begin = 0 , end = 12 }
            "kept"
            (Lit Range { begin = 11 , end = 12 } (LiteralInt 7))
        , Let
            Range { begin = 13 , end = 25 }
            "lost"
            (Lit Range { begin = 24 , end = 25 } (LiteralInt 2))
        , GroupBy
            Range { begin = 26 , end = 32 }
            [ ( Ref Range { begin = 35 , end = 40 } "kept" , Nothing ) ]
            [ Let
                Range { begin = 44 , end = 58 }
                "new"
                (Ref Range { begin = 54 , end = 58 } "kept")
            ]
        , OrderBy
            Range { begin = 61 , end = 67 }
            [ ( Ref Range { begin = 70 , end = 73 } "new" , Nothing ) ]
        , OrderBy
            Range { begin = 74 , end = 80 }
            [ ( Ref Range { begin = 83 , end = 87 } "kept" , Nothing ) ]
        ]
    }