Right
  CompiledQuery
    { unCompiledQuery =
        [ Let () "kept" (Lit IntType (LiteralInt 7))
        , Let () "lost" (Lit IntType (LiteralInt 2))
        , GroupBy
            ()
            [ ( ExprExt
                  (ComputedColumn
                     (KeptByGroupBy IntType)
                     ColumnDefinition { column = QualifiedIdentifier Nothing "kept" })
              , Nothing
              )
            ]
            [ Let
                ()
                "new"
                (ExprExt
                   (ComputedColumn
                      (KeptByGroupBy IntType)
                      ColumnDefinition { column = QualifiedIdentifier Nothing "kept" }))
            ]
        , OrderBy
            ()
            [ ( ExprExt
                  (ComputedColumn
                     IntType
                     ColumnDefinition { column = QualifiedIdentifier Nothing "new" })
              , Nothing
              )
            ]
        , OrderBy
            ()
            [ ( ExprExt
                  (ComputedColumn
                     IntType
                     ColumnDefinition { column = QualifiedIdentifier Nothing "kept" })
              , Nothing
              )
            ]
        ]
    }