Right
  CompiledQuery
    { unCompiledQuery =
        [ From
            ()
            ( "language"
            , ModelDefinition
                { tableName = Identifier { fromIdentifier = "language" }
                , defaultSingularName = "language"
                , columns =
                    fromList
                      [ ( Identifier { fromIdentifier = "language_id" } , IntType )
                      , ( Identifier { fromIdentifier = "last_update" } , TimestampType )
                      , ( Identifier { fromIdentifier = "name" } , StringType )
                      ]
                , relatedTables =
                    fromList
                      [ ( Identifier { fromIdentifier = "film" }
                        , ( Identifier { fromIdentifier = "language_id" }
                          , Identifier { fromIdentifier = "language_id" }
                          )
                        )
                      ]
                , implicitWhere = Nothing
                }
            )
        , Let () "column" (Lit IntType (LiteralInt 0))
        ]
    }