Right
  CompiledQuery
    { unCompiledQuery =
        [ From
            ()
            ( "customer"
            , ModelDefinition
                { tableName = Identifier { fromIdentifier = "customer" }
                , defaultSingularName = "customer"
                , columns =
                    fromList
                      [ ( Identifier { fromIdentifier = "active" } , IntType )
                      , ( Identifier { fromIdentifier = "activebool" } , BooleanType )
                      , ( Identifier { fromIdentifier = "address_id" } , StringType )
                      , ( Identifier { fromIdentifier = "create_date" } , DateType )
                      , ( Identifier { fromIdentifier = "customer_id" } , IntType )
                      , ( Identifier { fromIdentifier = "email" } , StringType )
                      , ( Identifier { fromIdentifier = "first_name" } , StringType )
                      , ( Identifier { fromIdentifier = "last_name" } , StringType )
                      , ( Identifier { fromIdentifier = "last_update" } , TimestampType )
                      , ( Identifier { fromIdentifier = "store_id" } , IntType )
                      ]
                , relatedTables = fromList []
                , implicitWhere =
                    Apply
                      ( 0 , 0 )
                      (Ref ( 0 , 0 ) "==")
                      [ Prop ( 0 , 0 ) (Ref ( 0 , 0 ) "self") "active"
                      , Lit ( 0 , 0 ) (LiteralInt 1)
                      ]
                }
            )
        , Where
            ()
            (Apply
               BooleanType
               ( "==" , [ IntType , IntType ] )
               [ ExprExt
                   (ComputedColumn
                      IntType
                      ColumnDefinition
                        { column = QualifiedIdentifier (Just "customer") "active" })
               , Lit IntType (LiteralInt 1)
               ])
        ]
    }