Right
  RawQuery
    { unRawQuery =
        [ Let
            Range { begin = 0 , end = 10 }
            "a"
            (Lit Range { begin = 8 , end = 10 } (LiteralInt 23))
        , From
            Range { begin = 11 , end = 25 }
            ( Nothing , Ref Range { begin = 16 , end = 25 } "Languages" )
        ]
    }