PartialQuery
  { fromTable =
      Just
        (LiteralTable
           FromTable
             { getTableName = Identifier { fromIdentifier = "language" }
             , getTableAlias = Identifier { fromIdentifier = "l" }
             , getTableColumns =
                 [ Identifier { fromIdentifier = "language_id" }
                 , Identifier { fromIdentifier = "last_update" }
                 , Identifier { fromIdentifier = "name" }
                 ]
             })
  , selectedColumns =
      [ SelectNewColumn
          (Ref Identifier { fromIdentifier = "l.language_id" })
          Identifier { fromIdentifier = "l.language_id" }
      ]
  , wheres = []
  , joins = []
  , groupBy = Nothing
  , orderBy = []
  }